  Determining projects to restore...
  All projects are up-to-date for restore.
  ProcessManager.Domain -> C:\Users\th3bo\Source\Process_Manager\Process_Manager\src\ProcessManager.Domain\bin\Debug\net8.0\ProcessManager.Domain.dll
  ProcessManager.Api -> c:\Users\th3bo\Source\Process_Manager\Process_Manager\src\ProcessManager.Api\bin\Debug\net8.0\ProcessManager.Api.dll
C:\Program Files\dotnet\sdk\8.0.418\Microsoft.Common.CurrentVersion.targets(5034,5): warning MSB3026: Could not copy "C:\Users\th3bo\Source\Process_Manager\Process_Manager\src\ProcessManager.Domain\bin\Debug\net8.0\ProcessManager.Domain.dll" to "bin\Debug\net8.0\ProcessManager.Domain.dll". Beginning retry 1 in 1000ms. The process cannot access the file 'C:\Users\th3bo\Source\Process_Manager\Process_Manager\src\ProcessManager.Web\bin\Debug\net8.0\ProcessManager.Domain.dll' because it is being used by another process. The file is locked by: "ProcessManager.Web (6764)" [C:\Users\th3bo\Source\Process_Manager\Process_Manager\src\ProcessManager.Web\ProcessManager.Web.csproj]
C:\Program Files\dotnet\sdk\8.0.418\Microsoft.Common.CurrentVersion.targets(5034,5): warning MSB3026: Could not copy "c:\Users\th3bo\Source\Process_Manager\Process_Manager\src\ProcessManager.Api\bin\Debug\net8.0\ProcessManager.Api.dll" to "bin\Debug\net8.0\ProcessManager.Api.dll". Beginning retry 1 in 1000ms. The process cannot access the file 'C:\Users\th3bo\Source\Process_Manager\Process_Manager\src\ProcessManager.Web\bin\Debug\net8.0\ProcessManager.Api.dll' because it is being used by another process. The file is locked by: "ProcessManager.Web (6764)" [C:\Users\th3bo\Source\Process_Manager\Process_Manager\src\ProcessManager.Web\ProcessManager.Web.csproj]
C:\Users\th3bo\Source\Process_Manager\Process_Manager\tests\ProcessManager.Tests\StepTemplateTests.cs(59,13): error CS7036: There is no argument given that corresponds to the required parameter 'DataType' of 'PortCreateDto.PortCreateDto(string, PortDirection, PortType, Guid?, Guid?, QuantityRuleMode?, int?, int?, int?, DataValueType?, string?, string?, string?, string?, int)' [C:\Users\th3bo\Source\Process_Manager\Process_Manager\tests\ProcessManager.Tests\ProcessManager.Tests.csproj]
C:\Users\th3bo\Source\Process_Manager\Process_Manager\tests\ProcessManager.Tests\StepTemplateTests.cs(60,13): error CS7036: There is no argument given that corresponds to the required parameter 'DataType' of 'PortCreateDto.PortCreateDto(string, PortDirection, PortType, Guid?, Guid?, QuantityRuleMode?, int?, int?, int?, DataValueType?, string?, string?, string?, string?, int)' [C:\Users\th3bo\Source\Process_Manager\Process_Manager\tests\ProcessManager.Tests\ProcessManager.Tests.csproj]
C:\Users\th3bo\Source\Process_Manager\Process_Manager\tests\ProcessManager.Tests\StepTemplateTests.cs(61,13): error CS7036: There is no argument given that corresponds to the required parameter 'DataType' of 'PortCreateDto.PortCreateDto(string, PortDirection, PortType, Guid?, Guid?, QuantityRuleMode?, int?, int?, int?, DataValueType?, string?, string?, string?, string?, int)' [C:\Users\th3bo\Source\Process_Manager\Process_Manager\tests\ProcessManager.Tests\ProcessManager.Tests.csproj]
C:\Users\th3bo\Source\Process_Manager\Process_Manager\tests\ProcessManager.Tests\StepTemplateTests.cs(82,13): error CS7036: There is no argument given that corresponds to the required parameter 'DataType' of 'PortCreateDto.PortCreateDto(string, PortDirection, PortType, Guid?, Guid?, QuantityRuleMode?, int?, int?, int?, DataValueType?, string?, string?, string?, string?, int)' [C:\Users\th3bo\Source\Process_Manager\Process_Manager\tests\ProcessManager.Tests\ProcessManager.Tests.csproj]
C:\Users\th3bo\Source\Process_Manager\Process_Manager\tests\ProcessManager.Tests\StepTemplateTests.cs(83,13): error CS7036: There is no argument given that corresponds to the required parameter 'DataType' of 'PortCreateDto.PortCreateDto(string, PortDirection, PortType, Guid?, Guid?, QuantityRuleMode?, int?, int?, int?, DataValueType?, string?, string?, string?, string?, int)' [C:\Users\th3bo\Source\Process_Manager\Process_Manager\tests\ProcessManager.Tests\ProcessManager.Tests.csproj]
C:\Users\th3bo\Source\Process_Manager\Process_Manager\tests\ProcessManager.Tests\StepTemplateTests.cs(99,13): error CS7036: There is no argument given that corresponds to the required parameter 'DataType' of 'PortCreateDto.PortCreateDto(string, PortDirection, PortType, Guid?, Guid?, QuantityRuleMode?, int?, int?, int?, DataValueType?, string?, string?, string?, string?, int)' [C:\Users\th3bo\Source\Process_Manager\Process_Manager\tests\ProcessManager.Tests\ProcessManager.Tests.csproj]
C:\Users\th3bo\Source\Process_Manager\Process_Manager\tests\ProcessManager.Tests\StepTemplateTests.cs(100,13): error CS7036: There is no argument given that corresponds to the required parameter 'DataType' of 'PortCreateDto.PortCreateDto(string, PortDirection, PortType, Guid?, Guid?, QuantityRuleMode?, int?, int?, int?, DataValueType?, string?, string?, string?, string?, int)' [C:\Users\th3bo\Source\Process_Manager\Process_Manager\tests\ProcessManager.Tests\ProcessManager.Tests.csproj]
C:\Users\th3bo\Source\Process_Manager\Process_Manager\tests\ProcessManager.Tests\StepTemplateTests.cs(101,13): error CS7036: There is no argument given that corresponds to the required parameter 'DataType' of 'PortCreateDto.PortCreateDto(string, PortDirection, PortType, Guid?, Guid?, QuantityRuleMode?, int?, int?, int?, DataValueType?, string?, string?, string?, string?, int)' [C:\Users\th3bo\Source\Process_Manager\Process_Manager\tests\ProcessManager.Tests\ProcessManager.Tests.csproj]
C:\Users\th3bo\Source\Process_Manager\Process_Manager\tests\ProcessManager.Tests\StepTemplateTests.cs(115,13): error CS7036: There is no argument given that corresponds to the required parameter 'DataType' of 'PortCreateDto.PortCreateDto(string, PortDirection, PortType, Guid?, Guid?, QuantityRuleMode?, int?, int?, int?, DataValueType?, string?, string?, string?, string?, int)' [C:\Users\th3bo\Source\Process_Manager\Process_Manager\tests\ProcessManager.Tests\ProcessManager.Tests.csproj]
C:\Users\th3bo\Source\Process_Manager\Process_Manager\tests\ProcessManager.Tests\StepTemplateTests.cs(116,13): error CS7036: There is no argument given that corresponds to the required parameter 'DataType' of 'PortCreateDto.PortCreateDto(string, PortDirection, PortType, Guid?, Guid?, QuantityRuleMode?, int?, int?, int?, DataValueType?, string?, string?, string?, string?, int)' [C:\Users\th3bo\Source\Process_Manager\Process_Manager\tests\ProcessManager.Tests\ProcessManager.Tests.csproj]
C:\Program Files\dotnet\sdk\8.0.418\Microsoft.Common.CurrentVersion.targets(5034,5): warning MSB3026: Could not copy "c:\Users\th3bo\Source\Process_Manager\Process_Manager\src\ProcessManager.Api\bin\Debug\net8.0\ProcessManager.Api.dll" to "bin\Debug\net8.0\ProcessManager.Api.dll". Beginning retry 2 in 1000ms. The process cannot access the file 'C:\Users\th3bo\Source\Process_Manager\Process_Manager\src\ProcessManager.Web\bin\Debug\net8.0\ProcessManager.Api.dll' because it is being used by another process. The file is locked by: "ProcessManager.Web (6764)" [C:\Users\th3bo\Source\Process_Manager\Process_Manager\src\ProcessManager.Web\ProcessManager.Web.csproj]
C:\Program Files\dotnet\sdk\8.0.418\Microsoft.Common.CurrentVersion.targets(5034,5): warning MSB3026: Could not copy "C:\Users\th3bo\Source\Process_Manager\Process_Manager\src\ProcessManager.Domain\bin\Debug\net8.0\ProcessManager.Domain.dll" to "bin\Debug\net8.0\ProcessManager.Domain.dll". Beginning retry 2 in 1000ms. The process cannot access the file 'C:\Users\th3bo\Source\Process_Manager\Process_Manager\src\ProcessManager.Web\bin\Debug\net8.0\ProcessManager.Domain.dll' because it is being used by another process. The file is locked by: "ProcessManager.Web (6764)" [C:\Users\th3bo\Source\Process_Manager\Process_Manager\src\ProcessManager.Web\ProcessManager.Web.csproj]
C:\Program Files\dotnet\sdk\8.0.418\Microsoft.Common.CurrentVersion.targets(5034,5): warning MSB3026: Could not copy "c:\Users\th3bo\Source\Process_Manager\Process_Manager\src\ProcessManager.Api\bin\Debug\net8.0\ProcessManager.Api.dll" to "bin\Debug\net8.0\ProcessManager.Api.dll". Beginning retry 3 in 1000ms. The process cannot access the file 'C:\Users\th3bo\Source\Process_Manager\Process_Manager\src\ProcessManager.Web\bin\Debug\net8.0\ProcessManager.Api.dll' because it is being used by another process. The file is locked by: "ProcessManager.Web (6764)" [C:\Users\th3bo\Source\Process_Manager\Process_Manager\src\ProcessManager.Web\ProcessManager.Web.csproj]
C:\Program Files\dotnet\sdk\8.0.418\Microsoft.Common.CurrentVersion.targets(5034,5): warning MSB3026: Could not copy "C:\Users\th3bo\Source\Process_Manager\Process_Manager\src\ProcessManager.Domain\bin\Debug\net8.0\ProcessManager.Domain.dll" to "bin\Debug\net8.0\ProcessManager.Domain.dll". Beginning retry 3 in 1000ms. The process cannot access the file 'C:\Users\th3bo\Source\Process_Manager\Process_Manager\src\ProcessManager.Web\bin\Debug\net8.0\ProcessManager.Domain.dll' because it is being used by another process. The file is locked by: "ProcessManager.Web (6764)" [C:\Users\th3bo\Source\Process_Manager\Process_Manager\src\ProcessManager.Web\ProcessManager.Web.csproj]
C:\Program Files\dotnet\sdk\8.0.418\Microsoft.Common.CurrentVersion.targets(5034,5): warning MSB3026: Could not copy "C:\Users\th3bo\Source\Process_Manager\Process_Manager\src\ProcessManager.Domain\bin\Debug\net8.0\ProcessManager.Domain.dll" to "bin\Debug\net8.0\ProcessManager.Domain.dll". Beginning retry 4 in 1000ms. The process cannot access the file 'C:\Users\th3bo\Source\Process_Manager\Process_Manager\src\ProcessManager.Web\bin\Debug\net8.0\ProcessManager.Domain.dll' because it is being used by another process. The file is locked by: "ProcessManager.Web (6764)" [C:\Users\th3bo\Source\Process_Manager\Process_Manager\src\ProcessManager.Web\ProcessManager.Web.csproj]
C:\Program Files\dotnet\sdk\8.0.418\Microsoft.Common.CurrentVersion.targets(5034,5): warning MSB3026: Could not copy "c:\Users\th3bo\Source\Process_Manager\Process_Manager\src\ProcessManager.Api\bin\Debug\net8.0\ProcessManager.Api.dll" to "bin\Debug\net8.0\ProcessManager.Api.dll". Beginning retry 4 in 1000ms. The process cannot access the file 'C:\Users\th3bo\Source\Process_Manager\Process_Manager\src\ProcessManager.Web\bin\Debug\net8.0\ProcessManager.Api.dll' because it is being used by another process. The file is locked by: "ProcessManager.Web (6764)" [C:\Users\th3bo\Source\Process_Manager\Process_Manager\src\ProcessManager.Web\ProcessManager.Web.csproj]
C:\Program Files\dotnet\sdk\8.0.418\Microsoft.Common.CurrentVersion.targets(5034,5): warning MSB3026: Could not copy "C:\Users\th3bo\Source\Process_Manager\Process_Manager\src\ProcessManager.Domain\bin\Debug\net8.0\ProcessManager.Domain.dll" to "bin\Debug\net8.0\ProcessManager.Domain.dll". Beginning retry 5 in 1000ms. The process cannot access the file 'C:\Users\th3bo\Source\Process_Manager\Process_Manager\src\ProcessManager.Web\bin\Debug\net8.0\ProcessManager.Domain.dll' because it is being used by another process. The file is locked by: "ProcessManager.Web (6764)" [C:\Users\th3bo\Source\Process_Manager\Process_Manager\src\ProcessManager.Web\ProcessManager.Web.csproj]
C:\Program Files\dotnet\sdk\8.0.418\Microsoft.Common.CurrentVersion.targets(5034,5): warning MSB3026: Could not copy "c:\Users\th3bo\Source\Process_Manager\Process_Manager\src\ProcessManager.Api\bin\Debug\net8.0\ProcessManager.Api.dll" to "bin\Debug\net8.0\ProcessManager.Api.dll". Beginning retry 5 in 1000ms. The process cannot access the file 'C:\Users\th3bo\Source\Process_Manager\Process_Manager\src\ProcessManager.Web\bin\Debug\net8.0\ProcessManager.Api.dll' because it is being used by another process. The file is locked by: "ProcessManager.Web (6764)" [C:\Users\th3bo\Source\Process_Manager\Process_Manager\src\ProcessManager.Web\ProcessManager.Web.csproj]
C:\Program Files\dotnet\sdk\8.0.418\Microsoft.Common.CurrentVersion.targets(5034,5): warning MSB3026: Could not copy "c:\Users\th3bo\Source\Process_Manager\Process_Manager\src\ProcessManager.Api\bin\Debug\net8.0\ProcessManager.Api.dll" to "bin\Debug\net8.0\ProcessManager.Api.dll". Beginning retry 6 in 1000ms. The process cannot access the file 'C:\Users\th3bo\Source\Process_Manager\Process_Manager\src\ProcessManager.Web\bin\Debug\net8.0\ProcessManager.Api.dll' because it is being used by another process. The file is locked by: "ProcessManager.Web (6764)" [C:\Users\th3bo\Source\Process_Manager\Process_Manager\src\ProcessManager.Web\ProcessManager.Web.csproj]
C:\Program Files\dotnet\sdk\8.0.418\Microsoft.Common.CurrentVersion.targets(5034,5): warning MSB3026: Could not copy "C:\Users\th3bo\Source\Process_Manager\Process_Manager\src\ProcessManager.Domain\bin\Debug\net8.0\ProcessManager.Domain.dll" to "bin\Debug\net8.0\ProcessManager.Domain.dll". Beginning retry 6 in 1000ms. The process cannot access the file 'C:\Users\th3bo\Source\Process_Manager\Process_Manager\src\ProcessManager.Web\bin\Debug\net8.0\ProcessManager.Domain.dll' because it is being used by another process. The file is locked by: "ProcessManager.Web (6764)" [C:\Users\th3bo\Source\Process_Manager\Process_Manager\src\ProcessManager.Web\ProcessManager.Web.csproj]
C:\Program Files\dotnet\sdk\8.0.418\Microsoft.Common.CurrentVersion.targets(5034,5): warning MSB3026: Could not copy "C:\Users\th3bo\Source\Process_Manager\Process_Manager\src\ProcessManager.Domain\bin\Debug\net8.0\ProcessManager.Domain.dll" to "bin\Debug\net8.0\ProcessManager.Domain.dll". Beginning retry 7 in 1000ms. The process cannot access the file 'C:\Users\th3bo\Source\Process_Manager\Process_Manager\src\ProcessManager.Web\bin\Debug\net8.0\ProcessManager.Domain.dll' because it is being used by another process. The file is locked by: "ProcessManager.Web (6764)" [C:\Users\th3bo\Source\Process_Manager\Process_Manager\src\ProcessManager.Web\ProcessManager.Web.csproj]
C:\Program Files\dotnet\sdk\8.0.418\Microsoft.Common.CurrentVersion.targets(5034,5): warning MSB3026: Could not copy "c:\Users\th3bo\Source\Process_Manager\Process_Manager\src\ProcessManager.Api\bin\Debug\net8.0\ProcessManager.Api.dll" to "bin\Debug\net8.0\ProcessManager.Api.dll". Beginning retry 7 in 1000ms. The process cannot access the file 'C:\Users\th3bo\Source\Process_Manager\Process_Manager\src\ProcessManager.Web\bin\Debug\net8.0\ProcessManager.Api.dll' because it is being used by another process. The file is locked by: "ProcessManager.Web (6764)" [C:\Users\th3bo\Source\Process_Manager\Process_Manager\src\ProcessManager.Web\ProcessManager.Web.csproj]
C:\Program Files\dotnet\sdk\8.0.418\Microsoft.Common.CurrentVersion.targets(5034,5): warning MSB3026: Could not copy "C:\Users\th3bo\Source\Process_Manager\Process_Manager\src\ProcessManager.Domain\bin\Debug\net8.0\ProcessManager.Domain.dll" to "bin\Debug\net8.0\ProcessManager.Domain.dll". Beginning retry 8 in 1000ms. The process cannot access the file 'C:\Users\th3bo\Source\Process_Manager\Process_Manager\src\ProcessManager.Web\bin\Debug\net8.0\ProcessManager.Domain.dll' because it is being used by another process. The file is locked by: "ProcessManager.Web (6764)" [C:\Users\th3bo\Source\Process_Manager\Process_Manager\src\ProcessManager.Web\ProcessManager.Web.csproj]
C:\Program Files\dotnet\sdk\8.0.418\Microsoft.Common.CurrentVersion.targets(5034,5): warning MSB3026: Could not copy "c:\Users\th3bo\Source\Process_Manager\Process_Manager\src\ProcessManager.Api\bin\Debug\net8.0\ProcessManager.Api.dll" to "bin\Debug\net8.0\ProcessManager.Api.dll". Beginning retry 8 in 1000ms. The process cannot access the file 'C:\Users\th3bo\Source\Process_Manager\Process_Manager\src\ProcessManager.Web\bin\Debug\net8.0\ProcessManager.Api.dll' because it is being used by another process. The file is locked by: "ProcessManager.Web (6764)" [C:\Users\th3bo\Source\Process_Manager\Process_Manager\src\ProcessManager.Web\ProcessManager.Web.csproj]
C:\Program Files\dotnet\sdk\8.0.418\Microsoft.Common.CurrentVersion.targets(5034,5): warning MSB3026: Could not copy "c:\Users\th3bo\Source\Process_Manager\Process_Manager\src\ProcessManager.Api\bin\Debug\net8.0\ProcessManager.Api.dll" to "bin\Debug\net8.0\ProcessManager.Api.dll". Beginning retry 9 in 1000ms. The process cannot access the file 'C:\Users\th3bo\Source\Process_Manager\Process_Manager\src\ProcessManager.Web\bin\Debug\net8.0\ProcessManager.Api.dll' because it is being used by another process. The file is locked by: "ProcessManager.Web (6764)" [C:\Users\th3bo\Source\Process_Manager\Process_Manager\src\ProcessManager.Web\ProcessManager.Web.csproj]
C:\Program Files\dotnet\sdk\8.0.418\Microsoft.Common.CurrentVersion.targets(5034,5): warning MSB3026: Could not copy "C:\Users\th3bo\Source\Process_Manager\Process_Manager\src\ProcessManager.Domain\bin\Debug\net8.0\ProcessManager.Domain.dll" to "bin\Debug\net8.0\ProcessManager.Domain.dll". Beginning retry 9 in 1000ms. The process cannot access the file 'C:\Users\th3bo\Source\Process_Manager\Process_Manager\src\ProcessManager.Web\bin\Debug\net8.0\ProcessManager.Domain.dll' because it is being used by another process. The file is locked by: "ProcessManager.Web (6764)" [C:\Users\th3bo\Source\Process_Manager\Process_Manager\src\ProcessManager.Web\ProcessManager.Web.csproj]
C:\Program Files\dotnet\sdk\8.0.418\Microsoft.Common.CurrentVersion.targets(5034,5): warning MSB3026: Could not copy "c:\Users\th3bo\Source\Process_Manager\Process_Manager\src\ProcessManager.Api\bin\Debug\net8.0\ProcessManager.Api.dll" to "bin\Debug\net8.0\ProcessManager.Api.dll". Beginning retry 10 in 1000ms. The process cannot access the file 'C:\Users\th3bo\Source\Process_Manager\Process_Manager\src\ProcessManager.Web\bin\Debug\net8.0\ProcessManager.Api.dll' because it is being used by another process. The file is locked by: "ProcessManager.Web (6764)" [C:\Users\th3bo\Source\Process_Manager\Process_Manager\src\ProcessManager.Web\ProcessManager.Web.csproj]
C:\Program Files\dotnet\sdk\8.0.418\Microsoft.Common.CurrentVersion.targets(5034,5): warning MSB3026: Could not copy "C:\Users\th3bo\Source\Process_Manager\Process_Manager\src\ProcessManager.Domain\bin\Debug\net8.0\ProcessManager.Domain.dll" to "bin\Debug\net8.0\ProcessManager.Domain.dll". Beginning retry 10 in 1000ms. The process cannot access the file 'C:\Users\th3bo\Source\Process_Manager\Process_Manager\src\ProcessManager.Web\bin\Debug\net8.0\ProcessManager.Domain.dll' because it is being used by another process. The file is locked by: "ProcessManager.Web (6764)" [C:\Users\th3bo\Source\Process_Manager\Process_Manager\src\ProcessManager.Web\ProcessManager.Web.csproj]
C:\Program Files\dotnet\sdk\8.0.418\Microsoft.Common.CurrentVersion.targets(5034,5): error MSB3027: Could not copy "c:\Users\th3bo\Source\Process_Manager\Process_Manager\src\ProcessManager.Api\bin\Debug\net8.0\ProcessManager.Api.dll" to "bin\Debug\net8.0\ProcessManager.Api.dll". Exceeded retry count of 10. Failed. The file is locked by: "ProcessManager.Web (6764)" [C:\Users\th3bo\Source\Process_Manager\Process_Manager\src\ProcessManager.Web\ProcessManager.Web.csproj]
C:\Program Files\dotnet\sdk\8.0.418\Microsoft.Common.CurrentVersion.targets(5034,5): error MSB3021: Unable to copy file "c:\Users\th3bo\Source\Process_Manager\Process_Manager\src\ProcessManager.Api\bin\Debug\net8.0\ProcessManager.Api.dll" to "bin\Debug\net8.0\ProcessManager.Api.dll". The process cannot access the file 'C:\Users\th3bo\Source\Process_Manager\Process_Manager\src\ProcessManager.Web\bin\Debug\net8.0\ProcessManager.Api.dll' because it is being used by another process. [C:\Users\th3bo\Source\Process_Manager\Process_Manager\src\ProcessManager.Web\ProcessManager.Web.csproj]
C:\Program Files\dotnet\sdk\8.0.418\Microsoft.Common.CurrentVersion.targets(5034,5): error MSB3027: Could not copy "C:\Users\th3bo\Source\Process_Manager\Process_Manager\src\ProcessManager.Domain\bin\Debug\net8.0\ProcessManager.Domain.dll" to "bin\Debug\net8.0\ProcessManager.Domain.dll". Exceeded retry count of 10. Failed. The file is locked by: "ProcessManager.Web (6764)" [C:\Users\th3bo\Source\Process_Manager\Process_Manager\src\ProcessManager.Web\ProcessManager.Web.csproj]
C:\Program Files\dotnet\sdk\8.0.418\Microsoft.Common.CurrentVersion.targets(5034,5): error MSB3021: Unable to copy file "C:\Users\th3bo\Source\Process_Manager\Process_Manager\src\ProcessManager.Domain\bin\Debug\net8.0\ProcessManager.Domain.dll" to "bin\Debug\net8.0\ProcessManager.Domain.dll". The process cannot access the file 'C:\Users\th3bo\Source\Process_Manager\Process_Manager\src\ProcessManager.Web\bin\Debug\net8.0\ProcessManager.Domain.dll' because it is being used by another process. [C:\Users\th3bo\Source\Process_Manager\Process_Manager\src\ProcessManager.Web\ProcessManager.Web.csproj]

Build FAILED.

C:\Program Files\dotnet\sdk\8.0.418\Microsoft.Common.CurrentVersion.targets(5034,5): warning MSB3026: Could not copy "C:\Users\th3bo\Source\Process_Manager\Process_Manager\src\ProcessManager.Domain\bin\Debug\net8.0\ProcessManager.Domain.dll" to "bin\Debug\net8.0\ProcessManager.Domain.dll". Beginning retry 1 in 1000ms. The process cannot access the file 'C:\Users\th3bo\Source\Process_Manager\Process_Manager\src\ProcessManager.Web\bin\Debug\net8.0\ProcessManager.Domain.dll' because it is being used by another process. The file is locked by: "ProcessManager.Web (6764)" [C:\Users\th3bo\Source\Process_Manager\Process_Manager\src\ProcessManager.Web\ProcessManager.Web.csproj]
C:\Program Files\dotnet\sdk\8.0.418\Microsoft.Common.CurrentVersion.targets(5034,5): warning MSB3026: Could not copy "c:\Users\th3bo\Source\Process_Manager\Process_Manager\src\ProcessManager.Api\bin\Debug\net8.0\ProcessManager.Api.dll" to "bin\Debug\net8.0\ProcessManager.Api.dll". Beginning retry 1 in 1000ms. The process cannot access the file 'C:\Users\th3bo\Source\Process_Manager\Process_Manager\src\ProcessManager.Web\bin\Debug\net8.0\ProcessManager.Api.dll' because it is being used by another process. The file is locked by: "ProcessManager.Web (6764)" [C:\Users\th3bo\Source\Process_Manager\Process_Manager\src\ProcessManager.Web\ProcessManager.Web.csproj]
C:\Program Files\dotnet\sdk\8.0.418\Microsoft.Common.CurrentVersion.targets(5034,5): warning MSB3026: Could not copy "c:\Users\th3bo\Source\Process_Manager\Process_Manager\src\ProcessManager.Api\bin\Debug\net8.0\ProcessManager.Api.dll" to "bin\Debug\net8.0\ProcessManager.Api.dll". Beginning retry 2 in 1000ms. The process cannot access the file 'C:\Users\th3bo\Source\Process_Manager\Process_Manager\src\ProcessManager.Web\bin\Debug\net8.0\ProcessManager.Api.dll' because it is being used by another process. The file is locked by: "ProcessManager.Web (6764)" [C:\Users\th3bo\Source\Process_Manager\Process_Manager\src\ProcessManager.Web\ProcessManager.Web.csproj]
C:\Program Files\dotnet\sdk\8.0.418\Microsoft.Common.CurrentVersion.targets(5034,5): warning MSB3026: Could not copy "C:\Users\th3bo\Source\Process_Manager\Process_Manager\src\ProcessManager.Domain\bin\Debug\net8.0\ProcessManager.Domain.dll" to "bin\Debug\net8.0\ProcessManager.Domain.dll". Beginning retry 2 in 1000ms. The process cannot access the file 'C:\Users\th3bo\Source\Process_Manager\Process_Manager\src\ProcessManager.Web\bin\Debug\net8.0\ProcessManager.Domain.dll' because it is being used by another process. The file is locked by: "ProcessManager.Web (6764)" [C:\Users\th3bo\Source\Process_Manager\Process_Manager\src\ProcessManager.Web\ProcessManager.Web.csproj]
C:\Program Files\dotnet\sdk\8.0.418\Microsoft.Common.CurrentVersion.targets(5034,5): warning MSB3026: Could not copy "c:\Users\th3bo\Source\Process_Manager\Process_Manager\src\ProcessManager.Api\bin\Debug\net8.0\ProcessManager.Api.dll" to "bin\Debug\net8.0\ProcessManager.Api.dll". Beginning retry 3 in 1000ms. The process cannot access the file 'C:\Users\th3bo\Source\Process_Manager\Process_Manager\src\ProcessManager.Web\bin\Debug\net8.0\ProcessManager.Api.dll' because it is being used by another process. The file is locked by: "ProcessManager.Web (6764)" [C:\Users\th3bo\Source\Process_Manager\Process_Manager\src\ProcessManager.Web\ProcessManager.Web.csproj]
C:\Program Files\dotnet\sdk\8.0.418\Microsoft.Common.CurrentVersion.targets(5034,5): warning MSB3026: Could not copy "C:\Users\th3bo\Source\Process_Manager\Process_Manager\src\ProcessManager.Domain\bin\Debug\net8.0\ProcessManager.Domain.dll" to "bin\Debug\net8.0\ProcessManager.Domain.dll". Beginning retry 3 in 1000ms. The process cannot access the file 'C:\Users\th3bo\Source\Process_Manager\Process_Manager\src\ProcessManager.Web\bin\Debug\net8.0\ProcessManager.Domain.dll' because it is being used by another process. The file is locked by: "ProcessManager.Web (6764)" [C:\Users\th3bo\Source\Process_Manager\Process_Manager\src\ProcessManager.Web\ProcessManager.Web.csproj]
C:\Program Files\dotnet\sdk\8.0.418\Microsoft.Common.CurrentVersion.targets(5034,5): warning MSB3026: Could not copy "C:\Users\th3bo\Source\Process_Manager\Process_Manager\src\ProcessManager.Domain\bin\Debug\net8.0\ProcessManager.Domain.dll" to "bin\Debug\net8.0\ProcessManager.Domain.dll". Beginning retry 4 in 1000ms. The process cannot access the file 'C:\Users\th3bo\Source\Process_Manager\Process_Manager\src\ProcessManager.Web\bin\Debug\net8.0\ProcessManager.Domain.dll' because it is being used by another process. The file is locked by: "ProcessManager.Web (6764)" [C:\Users\th3bo\Source\Process_Manager\Process_Manager\src\ProcessManager.Web\ProcessManager.Web.csproj]
C:\Program Files\dotnet\sdk\8.0.418\Microsoft.Common.CurrentVersion.targets(5034,5): warning MSB3026: Could not copy "c:\Users\th3bo\Source\Process_Manager\Process_Manager\src\ProcessManager.Api\bin\Debug\net8.0\ProcessManager.Api.dll" to "bin\Debug\net8.0\ProcessManager.Api.dll". Beginning retry 4 in 1000ms. The process cannot access the file 'C:\Users\th3bo\Source\Process_Manager\Process_Manager\src\ProcessManager.Web\bin\Debug\net8.0\ProcessManager.Api.dll' because it is being used by another process. The file is locked by: "ProcessManager.Web (6764)" [C:\Users\th3bo\Source\Process_Manager\Process_Manager\src\ProcessManager.Web\ProcessManager.Web.csproj]
C:\Program Files\dotnet\sdk\8.0.418\Microsoft.Common.CurrentVersion.targets(5034,5): warning MSB3026: Could not copy "C:\Users\th3bo\Source\Process_Manager\Process_Manager\src\ProcessManager.Domain\bin\Debug\net8.0\ProcessManager.Domain.dll" to "bin\Debug\net8.0\ProcessManager.Domain.dll". Beginning retry 5 in 1000ms. The process cannot access the file 'C:\Users\th3bo\Source\Process_Manager\Process_Manager\src\ProcessManager.Web\bin\Debug\net8.0\ProcessManager.Domain.dll' because it is being used by another process. The file is locked by: "ProcessManager.Web (6764)" [C:\Users\th3bo\Source\Process_Manager\Process_Manager\src\ProcessManager.Web\ProcessManager.Web.csproj]
C:\Program Files\dotnet\sdk\8.0.418\Microsoft.Common.CurrentVersion.targets(5034,5): warning MSB3026: Could not copy "c:\Users\th3bo\Source\Process_Manager\Process_Manager\src\ProcessManager.Api\bin\Debug\net8.0\ProcessManager.Api.dll" to "bin\Debug\net8.0\ProcessManager.Api.dll". Beginning retry 5 in 1000ms. The process cannot access the file 'C:\Users\th3bo\Source\Process_Manager\Process_Manager\src\ProcessManager.Web\bin\Debug\net8.0\ProcessManager.Api.dll' because it is being used by another process. The file is locked by: "ProcessManager.Web (6764)" [C:\Users\th3bo\Source\Process_Manager\Process_Manager\src\ProcessManager.Web\ProcessManager.Web.csproj]
C:\Program Files\dotnet\sdk\8.0.418\Microsoft.Common.CurrentVersion.targets(5034,5): warning MSB3026: Could not copy "c:\Users\th3bo\Source\Process_Manager\Process_Manager\src\ProcessManager.Api\bin\Debug\net8.0\ProcessManager.Api.dll" to "bin\Debug\net8.0\ProcessManager.Api.dll". Beginning retry 6 in 1000ms. The process cannot access the file 'C:\Users\th3bo\Source\Process_Manager\Process_Manager\src\ProcessManager.Web\bin\Debug\net8.0\ProcessManager.Api.dll' because it is being used by another process. The file is locked by: "ProcessManager.Web (6764)" [C:\Users\th3bo\Source\Process_Manager\Process_Manager\src\ProcessManager.Web\ProcessManager.Web.csproj]
C:\Program Files\dotnet\sdk\8.0.418\Microsoft.Common.CurrentVersion.targets(5034,5): warning MSB3026: Could not copy "C:\Users\th3bo\Source\Process_Manager\Process_Manager\src\ProcessManager.Domain\bin\Debug\net8.0\ProcessManager.Domain.dll" to "bin\Debug\net8.0\ProcessManager.Domain.dll". Beginning retry 6 in 1000ms. The process cannot access the file 'C:\Users\th3bo\Source\Process_Manager\Process_Manager\src\ProcessManager.Web\bin\Debug\net8.0\ProcessManager.Domain.dll' because it is being used by another process. The file is locked by: "ProcessManager.Web (6764)" [C:\Users\th3bo\Source\Process_Manager\Process_Manager\src\ProcessManager.Web\ProcessManager.Web.csproj]
C:\Program Files\dotnet\sdk\8.0.418\Microsoft.Common.CurrentVersion.targets(5034,5): warning MSB3026: Could not copy "C:\Users\th3bo\Source\Process_Manager\Process_Manager\src\ProcessManager.Domain\bin\Debug\net8.0\ProcessManager.Domain.dll" to "bin\Debug\net8.0\ProcessManager.Domain.dll". Beginning retry 7 in 1000ms. The process cannot access the file 'C:\Users\th3bo\Source\Process_Manager\Process_Manager\src\ProcessManager.Web\bin\Debug\net8.0\ProcessManager.Domain.dll' because it is being used by another process. The file is locked by: "ProcessManager.Web (6764)" [C:\Users\th3bo\Source\Process_Manager\Process_Manager\src\ProcessManager.Web\ProcessManager.Web.csproj]
C:\Program Files\dotnet\sdk\8.0.418\Microsoft.Common.CurrentVersion.targets(5034,5): warning MSB3026: Could not copy "c:\Users\th3bo\Source\Process_Manager\Process_Manager\src\ProcessManager.Api\bin\Debug\net8.0\ProcessManager.Api.dll" to "bin\Debug\net8.0\ProcessManager.Api.dll". Beginning retry 7 in 1000ms. The process cannot access the file 'C:\Users\th3bo\Source\Process_Manager\Process_Manager\src\ProcessManager.Web\bin\Debug\net8.0\ProcessManager.Api.dll' because it is being used by another process. The file is locked by: "ProcessManager.Web (6764)" [C:\Users\th3bo\Source\Process_Manager\Process_Manager\src\ProcessManager.Web\ProcessManager.Web.csproj]
C:\Program Files\dotnet\sdk\8.0.418\Microsoft.Common.CurrentVersion.targets(5034,5): warning MSB3026: Could not copy "C:\Users\th3bo\Source\Process_Manager\Process_Manager\src\ProcessManager.Domain\bin\Debug\net8.0\ProcessManager.Domain.dll" to "bin\Debug\net8.0\ProcessManager.Domain.dll". Beginning retry 8 in 1000ms. The process cannot access the file 'C:\Users\th3bo\Source\Process_Manager\Process_Manager\src\ProcessManager.Web\bin\Debug\net8.0\ProcessManager.Domain.dll' because it is being used by another process. The file is locked by: "ProcessManager.Web (6764)" [C:\Users\th3bo\Source\Process_Manager\Process_Manager\src\ProcessManager.Web\ProcessManager.Web.csproj]
C:\Program Files\dotnet\sdk\8.0.418\Microsoft.Common.CurrentVersion.targets(5034,5): warning MSB3026: Could not copy "c:\Users\th3bo\Source\Process_Manager\Process_Manager\src\ProcessManager.Api\bin\Debug\net8.0\ProcessManager.Api.dll" to "bin\Debug\net8.0\ProcessManager.Api.dll". Beginning retry 8 in 1000ms. The process cannot access the file 'C:\Users\th3bo\Source\Process_Manager\Process_Manager\src\ProcessManager.Web\bin\Debug\net8.0\ProcessManager.Api.dll' because it is being used by another process. The file is locked by: "ProcessManager.Web (6764)" [C:\Users\th3bo\Source\Process_Manager\Process_Manager\src\ProcessManager.Web\ProcessManager.Web.csproj]
C:\Program Files\dotnet\sdk\8.0.418\Microsoft.Common.CurrentVersion.targets(5034,5): warning MSB3026: Could not copy "c:\Users\th3bo\Source\Process_Manager\Process_Manager\src\ProcessManager.Api\bin\Debug\net8.0\ProcessManager.Api.dll" to "bin\Debug\net8.0\ProcessManager.Api.dll". Beginning retry 9 in 1000ms. The process cannot access the file 'C:\Users\th3bo\Source\Process_Manager\Process_Manager\src\ProcessManager.Web\bin\Debug\net8.0\ProcessManager.Api.dll' because it is being used by another process. The file is locked by: "ProcessManager.Web (6764)" [C:\Users\th3bo\Source\Process_Manager\Process_Manager\src\ProcessManager.Web\ProcessManager.Web.csproj]
C:\Program Files\dotnet\sdk\8.0.418\Microsoft.Common.CurrentVersion.targets(5034,5): warning MSB3026: Could not copy "C:\Users\th3bo\Source\Process_Manager\Process_Manager\src\ProcessManager.Domain\bin\Debug\net8.0\ProcessManager.Domain.dll" to "bin\Debug\net8.0\ProcessManager.Domain.dll". Beginning retry 9 in 1000ms. The process cannot access the file 'C:\Users\th3bo\Source\Process_Manager\Process_Manager\src\ProcessManager.Web\bin\Debug\net8.0\ProcessManager.Domain.dll' because it is being used by another process. The file is locked by: "ProcessManager.Web (6764)" [C:\Users\th3bo\Source\Process_Manager\Process_Manager\src\ProcessManager.Web\ProcessManager.Web.csproj]
C:\Program Files\dotnet\sdk\8.0.418\Microsoft.Common.CurrentVersion.targets(5034,5): warning MSB3026: Could not copy "c:\Users\th3bo\Source\Process_Manager\Process_Manager\src\ProcessManager.Api\bin\Debug\net8.0\ProcessManager.Api.dll" to "bin\Debug\net8.0\ProcessManager.Api.dll". Beginning retry 10 in 1000ms. The process cannot access the file 'C:\Users\th3bo\Source\Process_Manager\Process_Manager\src\ProcessManager.Web\bin\Debug\net8.0\ProcessManager.Api.dll' because it is being used by another process. The file is locked by: "ProcessManager.Web (6764)" [C:\Users\th3bo\Source\Process_Manager\Process_Manager\src\ProcessManager.Web\ProcessManager.Web.csproj]
C:\Program Files\dotnet\sdk\8.0.418\Microsoft.Common.CurrentVersion.targets(5034,5): warning MSB3026: Could not copy "C:\Users\th3bo\Source\Process_Manager\Process_Manager\src\ProcessManager.Domain\bin\Debug\net8.0\ProcessManager.Domain.dll" to "bin\Debug\net8.0\ProcessManager.Domain.dll". Beginning retry 10 in 1000ms. The process cannot access the file 'C:\Users\th3bo\Source\Process_Manager\Process_Manager\src\ProcessManager.Web\bin\Debug\net8.0\ProcessManager.Domain.dll' because it is being used by another process. The file is locked by: "ProcessManager.Web (6764)" [C:\Users\th3bo\Source\Process_Manager\Process_Manager\src\ProcessManager.Web\ProcessManager.Web.csproj]
C:\Users\th3bo\Source\Process_Manager\Process_Manager\tests\ProcessManager.Tests\StepTemplateTests.cs(59,13): error CS7036: There is no argument given that corresponds to the required parameter 'DataType' of 'PortCreateDto.PortCreateDto(string, PortDirection, PortType, Guid?, Guid?, QuantityRuleMode?, int?, int?, int?, DataValueType?, string?, string?, string?, string?, int)' [C:\Users\th3bo\Source\Process_Manager\Process_Manager\tests\ProcessManager.Tests\ProcessManager.Tests.csproj]
C:\Users\th3bo\Source\Process_Manager\Process_Manager\tests\ProcessManager.Tests\StepTemplateTests.cs(60,13): error CS7036: There is no argument given that corresponds to the required parameter 'DataType' of 'PortCreateDto.PortCreateDto(string, PortDirection, PortType, Guid?, Guid?, QuantityRuleMode?, int?, int?, int?, DataValueType?, string?, string?, string?, string?, int)' [C:\Users\th3bo\Source\Process_Manager\Process_Manager\tests\ProcessManager.Tests\ProcessManager.Tests.csproj]
C:\Users\th3bo\Source\Process_Manager\Process_Manager\tests\ProcessManager.Tests\StepTemplateTests.cs(61,13): error CS7036: There is no argument given that corresponds to the required parameter 'DataType' of 'PortCreateDto.PortCreateDto(string, PortDirection, PortType, Guid?, Guid?, QuantityRuleMode?, int?, int?, int?, DataValueType?, string?, string?, string?, string?, int)' [C:\Users\th3bo\Source\Process_Manager\Process_Manager\tests\ProcessManager.Tests\ProcessManager.Tests.csproj]
C:\Users\th3bo\Source\Process_Manager\Process_Manager\tests\ProcessManager.Tests\StepTemplateTests.cs(82,13): error CS7036: There is no argument given that corresponds to the required parameter 'DataType' of 'PortCreateDto.PortCreateDto(string, PortDirection, PortType, Guid?, Guid?, QuantityRuleMode?, int?, int?, int?, DataValueType?, string?, string?, string?, string?, int)' [C:\Users\th3bo\Source\Process_Manager\Process_Manager\tests\ProcessManager.Tests\ProcessManager.Tests.csproj]
C:\Users\th3bo\Source\Process_Manager\Process_Manager\tests\ProcessManager.Tests\StepTemplateTests.cs(83,13): error CS7036: There is no argument given that corresponds to the required parameter 'DataType' of 'PortCreateDto.PortCreateDto(string, PortDirection, PortType, Guid?, Guid?, QuantityRuleMode?, int?, int?, int?, DataValueType?, string?, string?, string?, string?, int)' [C:\Users\th3bo\Source\Process_Manager\Process_Manager\tests\ProcessManager.Tests\ProcessManager.Tests.csproj]
C:\Users\th3bo\Source\Process_Manager\Process_Manager\tests\ProcessManager.Tests\StepTemplateTests.cs(99,13): error CS7036: There is no argument given that corresponds to the required parameter 'DataType' of 'PortCreateDto.PortCreateDto(string, PortDirection, PortType, Guid?, Guid?, QuantityRuleMode?, int?, int?, int?, DataValueType?, string?, string?, string?, string?, int)' [C:\Users\th3bo\Source\Process_Manager\Process_Manager\tests\ProcessManager.Tests\ProcessManager.Tests.csproj]
C:\Users\th3bo\Source\Process_Manager\Process_Manager\tests\ProcessManager.Tests\StepTemplateTests.cs(100,13): error CS7036: There is no argument given that corresponds to the required parameter 'DataType' of 'PortCreateDto.PortCreateDto(string, PortDirection, PortType, Guid?, Guid?, QuantityRuleMode?, int?, int?, int?, DataValueType?, string?, string?, string?, string?, int)' [C:\Users\th3bo\Source\Process_Manager\Process_Manager\tests\ProcessManager.Tests\ProcessManager.Tests.csproj]
C:\Users\th3bo\Source\Process_Manager\Process_Manager\tests\ProcessManager.Tests\StepTemplateTests.cs(101,13): error CS7036: There is no argument given that corresponds to the required parameter 'DataType' of 'PortCreateDto.PortCreateDto(string, PortDirection, PortType, Guid?, Guid?, QuantityRuleMode?, int?, int?, int?, DataValueType?, string?, string?, string?, string?, int)' [C:\Users\th3bo\Source\Process_Manager\Process_Manager\tests\ProcessManager.Tests\ProcessManager.Tests.csproj]
C:\Users\th3bo\Source\Process_Manager\Process_Manager\tests\ProcessManager.Tests\StepTemplateTests.cs(115,13): error CS7036: There is no argument given that corresponds to the required parameter 'DataType' of 'PortCreateDto.PortCreateDto(string, PortDirection, PortType, Guid?, Guid?, QuantityRuleMode?, int?, int?, int?, DataValueType?, string?, string?, string?, string?, int)' [C:\Users\th3bo\Source\Process_Manager\Process_Manager\tests\ProcessManager.Tests\ProcessManager.Tests.csproj]
C:\Users\th3bo\Source\Process_Manager\Process_Manager\tests\ProcessManager.Tests\StepTemplateTests.cs(116,13): error CS7036: There is no argument given that corresponds to the required parameter 'DataType' of 'PortCreateDto.PortCreateDto(string, PortDirection, PortType, Guid?, Guid?, QuantityRuleMode?, int?, int?, int?, DataValueType?, string?, string?, string?, string?, int)' [C:\Users\th3bo\Source\Process_Manager\Process_Manager\tests\ProcessManager.Tests\ProcessManager.Tests.csproj]
C:\Program Files\dotnet\sdk\8.0.418\Microsoft.Common.CurrentVersion.targets(5034,5): error MSB3027: Could not copy "c:\Users\th3bo\Source\Process_Manager\Process_Manager\src\ProcessManager.Api\bin\Debug\net8.0\ProcessManager.Api.dll" to "bin\Debug\net8.0\ProcessManager.Api.dll". Exceeded retry count of 10. Failed. The file is locked by: "ProcessManager.Web (6764)" [C:\Users\th3bo\Source\Process_Manager\Process_Manager\src\ProcessManager.Web\ProcessManager.Web.csproj]
C:\Program Files\dotnet\sdk\8.0.418\Microsoft.Common.CurrentVersion.targets(5034,5): error MSB3021: Unable to copy file "c:\Users\th3bo\Source\Process_Manager\Process_Manager\src\ProcessManager.Api\bin\Debug\net8.0\ProcessManager.Api.dll" to "bin\Debug\net8.0\ProcessManager.Api.dll". The process cannot access the file 'C:\Users\th3bo\Source\Process_Manager\Process_Manager\src\ProcessManager.Web\bin\Debug\net8.0\ProcessManager.Api.dll' because it is being used by another process. [C:\Users\th3bo\Source\Process_Manager\Process_Manager\src\ProcessManager.Web\ProcessManager.Web.csproj]
C:\Program Files\dotnet\sdk\8.0.418\Microsoft.Common.CurrentVersion.targets(5034,5): error MSB3027: Could not copy "C:\Users\th3bo\Source\Process_Manager\Process_Manager\src\ProcessManager.Domain\bin\Debug\net8.0\ProcessManager.Domain.dll" to "bin\Debug\net8.0\ProcessManager.Domain.dll". Exceeded retry count of 10. Failed. The file is locked by: "ProcessManager.Web (6764)" [C:\Users\th3bo\Source\Process_Manager\Process_Manager\src\ProcessManager.Web\ProcessManager.Web.csproj]
C:\Program Files\dotnet\sdk\8.0.418\Microsoft.Common.CurrentVersion.targets(5034,5): error MSB3021: Unable to copy file "C:\Users\th3bo\Source\Process_Manager\Process_Manager\src\ProcessManager.Domain\bin\Debug\net8.0\ProcessManager.Domain.dll" to "bin\Debug\net8.0\ProcessManager.Domain.dll". The process cannot access the file 'C:\Users\th3bo\Source\Process_Manager\Process_Manager\src\ProcessManager.Web\bin\Debug\net8.0\ProcessManager.Domain.dll' because it is being used by another process. [C:\Users\th3bo\Source\Process_Manager\Process_Manager\src\ProcessManager.Web\ProcessManager.Web.csproj]
    20 Warning(s)
    14 Error(s)

Time Elapsed 00:00:13.79
